// Jest Snapshot v1, https://goo.gl/fbAQLP

exports[`should call useMicroStoreHook 1`] = `
<div>
  foo
</div>
`;
